WARNING: The requested image's platform (linux/amd64) does not match the detected host platform (linux/arm64/v8) and no specific platform was requested

VCFtools - 0.1.16
(C) Adam Auton and Anthony Marcketta 2009

Parameters as interpreted:
	--gzvcf test.strelka.variants.vcf.gz
	--out test.strelka.variants
	--TsTv-by-count

Using zlib version: 1.2.11
Warning: Expected at least 2 parts in INFO entry: ID=BLOCKAVG_min30p3a,Number=0,Type=Flag,Description="Non-variant multi-site block. Non-variant blocks are defined independently for each sample. All sites in such a block are constrained to be non-variant, have the same filter value, and have sample values {GQX,DP,DPF} in range [x,y], y <= max(x+3,(x*1.3)).">
Warning: Expected at least 2 parts in INFO entry: ID=BLOCKAVG_min30p3a,Number=0,Type=Flag,Description="Non-variant multi-site block. Non-variant blocks are defined independently for each sample. All sites in such a block are constrained to be non-variant, have the same filter value, and have sample values {GQX,DP,DPF} in range [x,y], y <= max(x+3,(x*1.3)).">
Warning: Expected at least 2 parts in INFO entry: ID=BLOCKAVG_min30p3a,Number=0,Type=Flag,Description="Non-variant multi-site block. Non-variant blocks are defined independently for each sample. All sites in such a block are constrained to be non-variant, have the same filter value, and have sample values {GQX,DP,DPF} in range [x,y], y <= max(x+3,(x*1.3)).">
Warning: Expected at least 2 parts in INFO entry: ID=BLOCKAVG_min30p3a,Number=0,Type=Flag,Description="Non-variant multi-site block. Non-variant blocks are defined independently for each sample. All sites in such a block are constrained to be non-variant, have the same filter value, and have sample values {GQX,DP,DPF} in range [x,y], y <= max(x+3,(x*1.3)).">
Warning: Expected at least 2 parts in INFO entry: ID=BLOCKAVG_min30p3a,Number=0,Type=Flag,Description="Non-variant multi-site block. Non-variant blocks are defined independently for each sample. All sites in such a block are constrained to be non-variant, have the same filter value, and have sample values {GQX,DP,DPF} in range [x,y], y <= max(x+3,(x*1.3)).">
Warning: Expected at least 2 parts in INFO entry: ID=BLOCKAVG_min30p3a,Number=0,Type=Flag,Description="Non-variant multi-site block. Non-variant blocks are defined independently for each sample. All sites in such a block are constrained to be non-variant, have the same filter value, and have sample values {GQX,DP,DPF} in range [x,y], y <= max(x+3,(x*1.3)).">
Warning: Expected at least 2 parts in FORMAT entry: ID=GQX,Number=1,Type=Integer,Description="Empirically calibrated genotype quality score for variant sites, otherwise minimum of {Genotype quality assuming variant position,Genotype quality assuming non-variant position}">
Warning: Expected at least 2 parts in FORMAT entry: ID=GQX,Number=1,Type=Integer,Description="Empirically calibrated genotype quality score for variant sites, otherwise minimum of {Genotype quality assuming variant position,Genotype quality assuming non-variant position}">
Warning: Expected at least 2 parts in FORMAT entry: ID=FT,Number=1,Type=String,Description="Sample filter, 'PASS' indicates that all filters have passed for this sample">
Warning: Expected at least 2 parts in FORMAT entry: ID=DPI,Number=1,Type=Integer,Description="Read depth associated with indel, taken from the site preceding the indel">
Warning: Expected at least 2 parts in FORMAT entry: ID=PL,Number=G,Type=Integer,Description="Normalized, Phred-scaled likelihoods for genotypes as defined in the VCF specification">
After filtering, kept 1 out of 1 Individuals
Outputting Ts/Tv by Alternative Allele Count
After filtering, kept 8 out of a possible 8 Sites
Run Time = 0.00 seconds
