WARNING: The requested image's platform (linux/amd64) does not match the detected host platform (linux/arm64/v8) and no specific platform was requested
Using GATK jar /opt/conda/share/gatk4-4.6.1.0-0/gatk-package-4.6.1.0-local.jar
Running:
    java -Dsamjdk.use_async_io_read_samtools=false -Dsamjdk.use_async_io_write_samtools=true -Dsamjdk.use_async_io_write_tribble=false -Dsamjdk.compression_level=2 -Xmx3276M -XX:-UsePerfData -jar /opt/conda/share/gatk4-4.6.1.0-0/gatk-package-4.6.1.0-local.jar ApplyBQSR --input test.md.cram --output test.recal.cram --reference genome.fasta --bqsr-recal-file test.recal.table --intervals chr22_1-40001.bed --tmp-dir .
15:54:21.619 INFO  NativeLibraryLoader - Loading libgkl_compression.so from jar:file:/opt/conda/share/gatk4-4.6.1.0-0/gatk-package-4.6.1.0-local.jar!/com/intel/gkl/native/libgkl_compression.so
SLF4J(W): Class path contains multiple SLF4J providers.
SLF4J(W): Found provider [org.apache.logging.slf4j.SLF4JServiceProvider@530ee28b]
SLF4J(W): Found provider [ch.qos.logback.classic.spi.LogbackServiceProvider@3a3f96ab]
SLF4J(W): See https://www.slf4j.org/codes.html#multiple_bindings for an explanation.
SLF4J(I): Actual provider is of type [org.apache.logging.slf4j.SLF4JServiceProvider@530ee28b]
15:54:21.741 INFO  ApplyBQSR - ------------------------------------------------------------
15:54:21.743 INFO  ApplyBQSR - The Genome Analysis Toolkit (GATK) v4.6.1.0
15:54:21.744 INFO  ApplyBQSR - For support and documentation go to https://software.broadinstitute.org/gatk/
15:54:21.744 INFO  ApplyBQSR - Executing as ?@1f2cf600f855 on Linux v7.0.14-orbstack-00380-ga7e0a2dc9535 amd64
15:54:21.744 INFO  ApplyBQSR - Java runtime: OpenJDK 64-Bit Server VM v17.0.11-internal+0-adhoc..src
15:54:21.744 INFO  ApplyBQSR - Start Date/Time: August 14, 2026 at 3:54:21 PM GMT
15:54:21.744 INFO  ApplyBQSR - ------------------------------------------------------------
15:54:21.744 INFO  ApplyBQSR - ------------------------------------------------------------
15:54:21.748 INFO  ApplyBQSR - HTSJDK Version: 4.1.3
15:54:21.748 INFO  ApplyBQSR - Picard Version: 3.3.0
15:54:21.748 INFO  ApplyBQSR - Built for Spark Version: 3.5.0
15:54:21.753 INFO  ApplyBQSR - HTSJDK Defaults.COMPRESSION_LEVEL : 2
15:54:21.754 INFO  ApplyBQSR - HTSJDK Defaults.USE_ASYNC_IO_READ_FOR_SAMTOOLS : false
15:54:21.754 INFO  ApplyBQSR - HTSJDK Defaults.USE_ASYNC_IO_WRITE_FOR_SAMTOOLS : true
15:54:21.754 INFO  ApplyBQSR - HTSJDK Defaults.USE_ASYNC_IO_WRITE_FOR_TRIBBLE : false
15:54:21.754 INFO  ApplyBQSR - Deflater: IntelDeflater
15:54:21.754 INFO  ApplyBQSR - Inflater: IntelInflater
15:54:21.754 INFO  ApplyBQSR - GCS max retries/reopens: 20
15:54:21.755 INFO  ApplyBQSR - Requester pays: disabled
15:54:21.755 INFO  ApplyBQSR - Initializing engine
15:54:21.897 INFO  FeatureManager - Using codec BEDCodec to read file file:///Users/stav/repos/nf-tui/work/ff/6d03628e05fb25f4b77b9a92bf93ed/chr22_1-40001.bed
15:54:21.916 INFO  IntervalArgumentCollection - Processing 40001 bp from intervals
15:54:21.920 INFO  ApplyBQSR - Done initializing engine
15:54:21.936 INFO  ProgressMeter - Starting traversal
15:54:21.937 INFO  ProgressMeter -        Current Locus  Elapsed Minutes       Reads Processed     Reads/Minute
15:54:23.963 INFO  ApplyBQSR - 0 read(s) filtered by: WellformedReadFilter 

15:54:23.970 INFO  ProgressMeter -          chr22:38167              0.0                 37424        1108311.9
15:54:23.970 INFO  ProgressMeter - Traversal complete. Processed 37424 total reads in 0.0 minutes.
15:54:24.044 INFO  ApplyBQSR - Shutting down engine
[August 14, 2026 at 3:54:24 PM GMT] org.broadinstitute.hellbender.tools.walkers.bqsr.ApplyBQSR done. Elapsed time: 0.04 minutes.
Runtime.totalMemory()=228589568
