WARNING: The requested image's platform (linux/amd64) does not match the detected host platform (linux/arm64/v8) and no specific platform was requested
Using GATK jar /opt/conda/share/gatk4-4.6.1.0-0/gatk-package-4.6.1.0-local.jar
Running:
    java -Dsamjdk.use_async_io_read_samtools=false -Dsamjdk.use_async_io_write_samtools=true -Dsamjdk.use_async_io_write_tribble=false -Dsamjdk.compression_level=2 -Xmx3276M -XX:-UsePerfData -jar /opt/conda/share/gatk4-4.6.1.0-0/gatk-package-4.6.1.0-local.jar BaseRecalibrator --input test.md.cram --output test.recal.table --reference genome.fasta --intervals chr22_1-40001.bed --known-sites dbsnp_146.hg38.vcf.gz --known-sites mills_and_1000G.indels.vcf.gz --tmp-dir .
15:54:06.123 INFO  NativeLibraryLoader - Loading libgkl_compression.so from jar:file:/opt/conda/share/gatk4-4.6.1.0-0/gatk-package-4.6.1.0-local.jar!/com/intel/gkl/native/libgkl_compression.so
SLF4J(W): Class path contains multiple SLF4J providers.
SLF4J(W): Found provider [org.apache.logging.slf4j.SLF4JServiceProvider@32ae8f27]
SLF4J(W): Found provider [ch.qos.logback.classic.spi.LogbackServiceProvider@75e80a97]
SLF4J(W): See https://www.slf4j.org/codes.html#multiple_bindings for an explanation.
SLF4J(I): Actual provider is of type [org.apache.logging.slf4j.SLF4JServiceProvider@32ae8f27]
15:54:06.275 INFO  BaseRecalibrator - ------------------------------------------------------------
15:54:06.278 INFO  BaseRecalibrator - The Genome Analysis Toolkit (GATK) v4.6.1.0
15:54:06.278 INFO  BaseRecalibrator - For support and documentation go to https://software.broadinstitute.org/gatk/
15:54:06.278 INFO  BaseRecalibrator - Executing as ?@61991c732a69 on Linux v7.0.14-orbstack-00380-ga7e0a2dc9535 amd64
15:54:06.278 INFO  BaseRecalibrator - Java runtime: OpenJDK 64-Bit Server VM v17.0.11-internal+0-adhoc..src
15:54:06.279 INFO  BaseRecalibrator - Start Date/Time: August 14, 2026 at 3:54:06 PM GMT
15:54:06.279 INFO  BaseRecalibrator - ------------------------------------------------------------
15:54:06.280 INFO  BaseRecalibrator - ------------------------------------------------------------
15:54:06.284 INFO  BaseRecalibrator - HTSJDK Version: 4.1.3
15:54:06.284 INFO  BaseRecalibrator - Picard Version: 3.3.0
15:54:06.284 INFO  BaseRecalibrator - Built for Spark Version: 3.5.0
15:54:06.290 INFO  BaseRecalibrator - HTSJDK Defaults.COMPRESSION_LEVEL : 2
15:54:06.291 INFO  BaseRecalibrator - HTSJDK Defaults.USE_ASYNC_IO_READ_FOR_SAMTOOLS : false
15:54:06.291 INFO  BaseRecalibrator - HTSJDK Defaults.USE_ASYNC_IO_WRITE_FOR_SAMTOOLS : true
15:54:06.291 INFO  BaseRecalibrator - HTSJDK Defaults.USE_ASYNC_IO_WRITE_FOR_TRIBBLE : false
15:54:06.291 INFO  BaseRecalibrator - Deflater: IntelDeflater
15:54:06.291 INFO  BaseRecalibrator - Inflater: IntelInflater
15:54:06.291 INFO  BaseRecalibrator - GCS max retries/reopens: 20
15:54:06.291 INFO  BaseRecalibrator - Requester pays: disabled
15:54:06.292 INFO  BaseRecalibrator - Initializing engine
15:54:06.452 INFO  FeatureManager - Using codec VCFCodec to read file file:///Users/stav/repos/nf-tui/work/4e/93d83ece108cf51a08ac99179b63d0/dbsnp_146.hg38.vcf.gz
15:54:06.480 INFO  FeatureManager - Using codec VCFCodec to read file file:///Users/stav/repos/nf-tui/work/4e/93d83ece108cf51a08ac99179b63d0/mills_and_1000G.indels.vcf.gz
15:54:06.495 INFO  FeatureManager - Using codec BEDCodec to read file file:///Users/stav/repos/nf-tui/work/4e/93d83ece108cf51a08ac99179b63d0/chr22_1-40001.bed
15:54:06.500 INFO  IntervalArgumentCollection - Processing 40001 bp from intervals
15:54:06.504 INFO  BaseRecalibrator - Done initializing engine
15:54:06.508 INFO  BaseRecalibrationEngine - The covariates being used here: 
15:54:06.509 INFO  BaseRecalibrationEngine - 	ReadGroupCovariate
15:54:06.509 INFO  BaseRecalibrationEngine - 	QualityScoreCovariate
15:54:06.509 INFO  BaseRecalibrationEngine - 	ContextCovariate
15:54:06.509 INFO  BaseRecalibrationEngine - 	CycleCovariate
15:54:06.513 INFO  ProgressMeter - Starting traversal
15:54:06.514 INFO  ProgressMeter -        Current Locus  Elapsed Minutes       Reads Processed     Reads/Minute
15:54:07.822 INFO  BaseRecalibrator - 21766 read(s) filtered by: MappingQualityNotZeroReadFilter 
0 read(s) filtered by: MappingQualityAvailableReadFilter 
0 read(s) filtered by: MappedReadFilter 
0 read(s) filtered by: NotSecondaryAlignmentReadFilter 
10742 read(s) filtered by: NotDuplicateReadFilter 
0 read(s) filtered by: PassesVendorQualityCheckReadFilter 
0 read(s) filtered by: WellformedReadFilter 
32508 total reads filtered out of 37424 reads processed
15:54:07.826 INFO  ProgressMeter -          chr22:28409              0.0                  4916         225332.3
15:54:07.826 INFO  ProgressMeter - Traversal complete. Processed 4916 total reads in 0.0 minutes.
15:54:07.889 INFO  BaseRecalibrator - Calculating quantized quality scores...
15:54:07.915 INFO  BaseRecalibrator - Writing recalibration report...
15:54:09.018 INFO  BaseRecalibrator - ...done!
15:54:09.043 INFO  BaseRecalibrator - BaseRecalibrator was able to recalibrate 4916 reads
15:54:09.043 INFO  BaseRecalibrator - Shutting down engine
[August 14, 2026 at 3:54:09 PM GMT] org.broadinstitute.hellbender.tools.walkers.bqsr.BaseRecalibrator done. Elapsed time: 0.05 minutes.
Runtime.totalMemory()=289406976
